// Code generated by xsdgen.test. DO NOT EDIT.

package ws

type ListType struct {
	Elem []string `xml:"http://example.org/ Elem,omitempty"`
}

type ListType1 struct {
	Elem []string `xml:"http://example.org/ Elem,omitempty"`
}

type Type1 struct {
	ListType ListType `xml:"http://example.org/ ListType,omitempty"`
}

type Type2 struct {
	ListType ListType1 `xml:"http://example.org/ ListType,omitempty"`
}
