// Code generated by xsdgen.test. DO NOT EDIT.

package ws

// May be one of MON, TUE, WED, THU, FRI, SAT, SUN
type DType string

const (
	DType_MON DType = "MON"
	DType_TUE DType = "TUE"
	DType_WED DType = "WED"
	DType_THU DType = "THU"
	DType_FRI DType = "FRI"
	DType_SAT DType = "SAT"
	DType_SUN DType = "SUN"
)

// May be one of 0.9, 0.333333333, 0.0
type FloatType float64

const (
	FloatType_0_9         FloatType = 0.9
	FloatType_0_333333333 FloatType = 0.333333333
	FloatType_0_0         FloatType = 0.0
)

// May be one of 1, 2, 3
type IntType int

const (
	IntType_1 IntType = 1
	IntType_2 IntType = 2
	IntType_3 IntType = 3
)
