// Code generated by xsdgen.test. DO NOT EDIT.

package ws

type Number struct {
	Value     float64 `xml:",chardata"`
	Precision int     `xml:"precision,attr,omitempty"`
}

type PositiveNumber struct {
	Value     float64 `xml:",chardata"`
	Precision int     `xml:"precision,attr,omitempty"`
}
