// Code generated by xsdgen.test. DO NOT EDIT.

package ws

type PurchaseOrderType struct {
	ShipTo  USAddress `xml:"http://www.example.com/PO1 shipTo"`
	BillTo  USAddress `xml:"http://www.example.com/PO1 billTo"`
	Comment string    `xml:"http://www.example.com/PO1 comment,omitempty"`
}

type USAddress struct {
	Name   string `xml:"http://www.example.com/PO1 name"`
	Street string `xml:"http://www.example.com/PO1 street"`
}
