// Code generated by xsdgen.test. DO NOT EDIT.

package ws

import "encoding/xml"

// May be one of A, B, C
type EnumType string

const (
	EnumType_A EnumType = "A"
	EnumType_B EnumType = "B"
	EnumType_C EnumType = "C"
)

type Type1 struct {
	Elem    []EnumType `xml:"Elem,omitempty"`
}
