// Code generated by xsdgen.test. DO NOT EDIT.

package ws

type Address struct {
	Uid             int    `xml:"http://tempuri.org/sdnList.xsd uid"`
	Address1        string `xml:"http://tempuri.org/sdnList.xsd address1,omitempty"`
	Address2        string `xml:"http://tempuri.org/sdnList.xsd address2,omitempty"`
	Address3        string `xml:"http://tempuri.org/sdnList.xsd address3,omitempty"`
	City            string `xml:"http://tempuri.org/sdnList.xsd city,omitempty"`
	StateOrProvince string `xml:"http://tempuri.org/sdnList.xsd stateOrProvince,omitempty"`
	PostalCode      string `xml:"http://tempuri.org/sdnList.xsd postalCode,omitempty"`
	Country         string `xml:"http://tempuri.org/sdnList.xsd country,omitempty"`
}

type AddressList struct {
	Address []Address `xml:"http://tempuri.org/sdnList.xsd address,omitempty"`
}

type Aka struct {
	Uid       int    `xml:"http://tempuri.org/sdnList.xsd uid"`
	Type      string `xml:"http://tempuri.org/sdnList.xsd type"`
	Category  string `xml:"http://tempuri.org/sdnList.xsd category"`
	LastName  string `xml:"http://tempuri.org/sdnList.xsd lastName,omitempty"`
	FirstName string `xml:"http://tempuri.org/sdnList.xsd firstName,omitempty"`
}

type AkaList struct {
	Aka []Aka `xml:"http://tempuri.org/sdnList.xsd aka,omitempty"`
}

type Citizenship struct {
	Uid       int    `xml:"http://tempuri.org/sdnList.xsd uid"`
	Country   string `xml:"http://tempuri.org/sdnList.xsd country"`
	MainEntry bool   `xml:"http://tempuri.org/sdnList.xsd mainEntry"`
}

type CitizenshipList struct {
	Citizenship []Citizenship `xml:"http://tempuri.org/sdnList.xsd citizenship,omitempty"`
}

type DateOfBirthItem struct {
	Uid         int    `xml:"http://tempuri.org/sdnList.xsd uid"`
	DateOfBirth string `xml:"http://tempuri.org/sdnList.xsd dateOfBirth"`
	MainEntry   bool   `xml:"http://tempuri.org/sdnList.xsd mainEntry"`
}

type DateOfBirthList struct {
	DateOfBirthItem []DateOfBirthItem `xml:"http://tempuri.org/sdnList.xsd dateOfBirthItem,omitempty"`
}

type Id struct {
	Uid            int    `xml:"http://tempuri.org/sdnList.xsd uid"`
	IdType         string `xml:"http://tempuri.org/sdnList.xsd idType,omitempty"`
	IdNumber       string `xml:"http://tempuri.org/sdnList.xsd idNumber,omitempty"`
	IdCountry      string `xml:"http://tempuri.org/sdnList.xsd idCountry,omitempty"`
	IssueDate      string `xml:"http://tempuri.org/sdnList.xsd issueDate,omitempty"`
	ExpirationDate string `xml:"http://tempuri.org/sdnList.xsd expirationDate,omitempty"`
}

type IdList struct {
	Id []Id `xml:"http://tempuri.org/sdnList.xsd id,omitempty"`
}

type Nationality struct {
	Uid       int    `xml:"http://tempuri.org/sdnList.xsd uid"`
	Country   string `xml:"http://tempuri.org/sdnList.xsd country"`
	MainEntry bool   `xml:"http://tempuri.org/sdnList.xsd mainEntry"`
}

type NationalityList struct {
	Nationality []Nationality `xml:"http://tempuri.org/sdnList.xsd nationality,omitempty"`
}

type PlaceOfBirthItem struct {
	Uid          int    `xml:"http://tempuri.org/sdnList.xsd uid"`
	PlaceOfBirth string `xml:"http://tempuri.org/sdnList.xsd placeOfBirth"`
	MainEntry    bool   `xml:"http://tempuri.org/sdnList.xsd mainEntry"`
}

type PlaceOfBirthList struct {
	PlaceOfBirthItem []PlaceOfBirthItem `xml:"http://tempuri.org/sdnList.xsd placeOfBirthItem,omitempty"`
}

type ProgramList struct {
	Program []string `xml:"http://tempuri.org/sdnList.xsd program,omitempty"`
}

type PublshInformation struct {
	PublishDate string `xml:"http://tempuri.org/sdnList.xsd Publish_Date,omitempty"`
	RecordCount int    `xml:"http://tempuri.org/sdnList.xsd Record_Count,omitempty"`
}

type SdnEntry struct {
	Uid              int              `xml:"http://tempuri.org/sdnList.xsd uid"`
	FirstName        string           `xml:"http://tempuri.org/sdnList.xsd firstName,omitempty"`
	LastName         string           `xml:"http://tempuri.org/sdnList.xsd lastName"`
	Title            string           `xml:"http://tempuri.org/sdnList.xsd title,omitempty"`
	SdnType          string           `xml:"http://tempuri.org/sdnList.xsd sdnType"`
	Remarks          string           `xml:"http://tempuri.org/sdnList.xsd remarks,omitempty"`
	ProgramList      ProgramList      `xml:"http://tempuri.org/sdnList.xsd programList"`
	IdList           IdList           `xml:"http://tempuri.org/sdnList.xsd idList,omitempty"`
	AkaList          AkaList          `xml:"http://tempuri.org/sdnList.xsd akaList,omitempty"`
	AddressList      AddressList      `xml:"http://tempuri.org/sdnList.xsd addressList,omitempty"`
	NationalityList  NationalityList  `xml:"http://tempuri.org/sdnList.xsd nationalityList,omitempty"`
	CitizenshipList  CitizenshipList  `xml:"http://tempuri.org/sdnList.xsd citizenshipList,omitempty"`
	DateOfBirthList  DateOfBirthList  `xml:"http://tempuri.org/sdnList.xsd dateOfBirthList,omitempty"`
	PlaceOfBirthList PlaceOfBirthList `xml:"http://tempuri.org/sdnList.xsd placeOfBirthList,omitempty"`
	VesselInfo       VesselInfo       `xml:"http://tempuri.org/sdnList.xsd vesselInfo,omitempty"`
}

type SdnList struct {
	PublshInformation PublshInformation `xml:"http://tempuri.org/sdnList.xsd publshInformation"`
	SdnEntry          []SdnEntry        `xml:"http://tempuri.org/sdnList.xsd sdnEntry"`
}

type VesselInfo struct {
	CallSign               string `xml:"http://tempuri.org/sdnList.xsd callSign,omitempty"`
	VesselType             string `xml:"http://tempuri.org/sdnList.xsd vesselType,omitempty"`
	VesselFlag             string `xml:"http://tempuri.org/sdnList.xsd vesselFlag,omitempty"`
	VesselOwner            string `xml:"http://tempuri.org/sdnList.xsd vesselOwner,omitempty"`
	Tonnage                int    `xml:"http://tempuri.org/sdnList.xsd tonnage,omitempty"`
	GrossRegisteredTonnage int    `xml:"http://tempuri.org/sdnList.xsd grossRegisteredTonnage,omitempty"`
}
