// Code generated by xsdgen.test. DO NOT EDIT.

package ws

type ConditionalUintType string
