// Code generated by xsdgen.test. DO NOT EDIT.

package ws

type ComplexFoo struct {
	Element1 Element1 `xml:"http://example.org/ns element1"`
}

// May be no more than 300 items long
type Element1 string

// Must be at least 1 items long
type NonEmptyString string
